
<h1>Imgzoom 1.0</h1>
<div>
  <h2>System check</h2>
  <p class="xh_fail">Checking that the PHP version is at least 7.1.0 … failure</p>
  <p class="xh_fail">Checking that the CMSimple_XH version is at least 1.7.0 … failure</p>
  <p class="xh_fail">Checking that the CMSimple_XH plugin 'Plib_XH' is installed … failure</p>
  <p class="xh_warning">Checking that './css/' is writable … warning</p>
  <p class="xh_warning">Checking that './languages/' is writable … warning</p>
</div>
