<!DOCTYPE html>
<html class="imgzoom_view">
    <head>
        <title>foo.jpg</title>
        <link rel="stylesheet" type="text/css" href="./css/stylesheet.css">
    </head>
    <body>
        <img src="../../userfiles/images/foo.jpg" alt="foo.jpg">
        <script type="text/javascript" src="./imgzoom.js"></script>
    </body>
</html>
